<html>
<body>
<pre>
<h1>µVision Build Log</h1>
<h2>Project:</h2>
C:\Users\Zahin Mohammad\Desktop\lab1\lab1\starter\HelloWorld\HelloWorld.uvproj
Project File Date:  10/01/2018

<h2>Output:</h2>
  
*** Note: Rebuilding project, since 'Options->Output->Create Batch File' is selected.
Rebuild Project 'RTX_Lib_CM' - Target 'CM3_LE'
compiling rt_Task.c...
compiling rt_System.c...
compiling rt_Event.c...
compiling rt_List.c...
compiling rt_Mailbox.c...
compiling rt_Semaphore.c...
compiling rt_Time.c...
compiling rt_Timer.c...
compiling rt_Mutex.c...
compiling rt_Robin.c...
compiling rt_MemBox.c...
compiling rt_Task_ext.c...
assembling SVC_Table.s...
compiling HAL_CM3.c...
creating Library...
After Build - User command #1: cmd.exe /C copy ArInp.Scr CM3_LE\BuildLib.scr
        1 file(s) copied.
".\CM3_LE\RTX_CM3.lib" - 0 Error(s), 0 Warning(s).
  
Build Project 'HelloWorld' - Target 'HelloWorld SIM'
compiling helloworld.c...
C:\Users\Zahin Mohammad\Desktop\lab1\lab1\starter\HelloWorld\src\helloworld.c(21): warning:  #223-D: function "strcpy" declared implicitly
                        strcpy(state_string, "INACTIVE");
src\helloworld.c: 1 warning, 0 errors
linking...
Program Size: Code=6456 RO-data=276 RW-data=60 ZI-data=5524  
".\build\FLASH\HelloWorld.axf" - 0 Error(s), 1 Warning(s).
</pre>
</body>
</html>
 errors
linking...
Program Size: Code=6356 RO-data=344 RW-data=60 ZI-data=5524  
".\build\FLASH\HelloWorld.axf" - 0 Error(s), 2 Warning(s).
